// Jest Snapshot v1, https://goo.gl/fbAQLP

exports[`#get correctly handles paths that do not exist in legacy config. 1`] = `"Unknown schema key: one"`;

exports[`#get correctly handles paths that do not exist in legacy config. 2`] = `"Unknown schema key: one.two"`;

exports[`#get correctly handles paths that do not exist in legacy config. 3`] = `"Unknown schema key: one.three"`;

exports[`#set tries to set values for paths that do not exist in legacy config. 1`] = `"Unknown schema key: unknown"`;

exports[`#set tries to set values for paths that do not exist in legacy config. 2`] = `"Unknown schema key: unknown.sub1"`;

exports[`#set tries to set values for paths that do not exist in legacy config. 3`] = `"Unknown schema key: unknown.sub2"`;
